



<ul><li>
      <div class="tree-file">
          
          <img class="thumbnail" src="html/colors.png" height="10" width="10" alt="colors.png" >
  <a href="html/colors.png">
    colors.png
  </a>
          This is random colors
</div>
      </li>
    </ul>