


<ul><li>
      <div class="tree-directory">
            <i>make</i><ul><li>
      <div class="tree-file">
          
          <a href="html/make/Makefile">Makefile</a>
          </div>
      </li>
    <li>
      <div class="tree-file">
          <a href="html/make/tagada.aaa">tagada.aaa</a>
          (<a href="html/make/tagada.grepa">tagada.grepa</a>)
          </div>
      </li>
    </ul></div></li>
    <li>
      <div class="tree-file">
          
          <a href="html/.gitignore">.gitignore</a>
          </div>
      </li>
    <li>
      <div class="tree-file">
          <a href="html/command-out.txt">command-out.txt</a>
          (<a href="html/command-in.txt">command-in.txt</a>)
          </div>
      </li>
    <li>
      <div class="tree-file">
          
          <a href="html/raw">raw</a>
          </div>
      </li>
    <li>
      <div class="tree-file">
          <a href="html/toto.sorted">toto.sorted</a>
          (<a href="html/toto.sort">toto.sort</a>)
          </div>
      </li>
    </ul>